{
  "version": "1.4.0",
  "plugins_used": [
    {
      "name": "ArtifactoryDetector"
    },
    {
      "name": "AWSKeyDetector"
    },
    {
      "name": "AzureStorageKeyDetector"
    },
    {
      "name": "Base64HighEntropyString",
      "limit": 4.5
    },
    {
      "name": "BasicAuthDetector"
    },
    {
      "name": "CloudantDetector"
    },
    {
      "name": "DiscordBotTokenDetector"
    },
    {
      "name": "GitHubTokenDetector"
    },
    {
      "name": "HexHighEntropyString",
      "limit": 3.0
    },
    {
      "name": "IbmCloudIamDetector"
    },
    {
      "name": "IbmCosHmacDetector"
    },
    {
      "name": "JwtTokenDetector"
    },
    {
      "name": "KeywordDetector",
      "keyword_exclude": ""
    },
    {
      "name": "MailchimpDetector"
    },
    {
      "name": "NpmDetector"
    },
    {
      "name": "PrivateKeyDetector"
    },
    {
      "name": "SendGridDetector"
    },
    {
      "name": "SlackDetector"
    },
    {
      "name": "SoftlayerDetector"
    },
    {
      "name": "SquareOAuthDetector"
    },
    {
      "name": "StripeDetector"
    },
    {
      "name": "TwilioKeyDetector"
    }
  ],
  "filters_used": [
    {
      "path": "detect_secrets.filters.allowlist.is_line_allowlisted"
    },
    {
      "path": "detect_secrets.filters.common.is_ignored_due_to_verification_policies",
      "min_level": 2
    },
    {
      "path": "detect_secrets.filters.heuristic.is_indirect_reference"
    },
    {
      "path": "detect_secrets.filters.heuristic.is_likely_id_string"
    },
    {
      "path": "detect_secrets.filters.heuristic.is_lock_file"
    },
    {
      "path": "detect_secrets.filters.heuristic.is_not_alphanumeric_string"
    },
    {
      "path": "detect_secrets.filters.heuristic.is_potential_uuid"
    },
    {
      "path": "detect_secrets.filters.heuristic.is_prefixed_with_dollar_sign"
    },
    {
      "path": "detect_secrets.filters.heuristic.is_sequential_string"
    },
    {
      "path": "detect_secrets.filters.heuristic.is_swagger_file"
    },
    {
      "path": "detect_secrets.filters.heuristic.is_templated_secret"
    },
    {
      "path": "detect_secrets.filters.regex.should_exclude_file",
      "pattern": [
        "\\.secrets\\.baseline"
      ]
    }
  ],
  "results": {
    "scripts/build-sdk-package.sh": [
      {
        "type": "Base64 High Entropy String",
        "filename": "scripts/build-sdk-package.sh",
        "hashed_secret": "a5b39b62dbc39557dd2ed14186ffa1f97f5a1573",
        "is_verified": false,
        "line_number": 157
      }
    ],
    "src/cli/network.go": [
      {
        "type": "Secret Keyword",
        "filename": "src/cli/network.go",
        "hashed_secret": "5baa61e4c9b93f3f0682250b6cf8331b7ee68fd8",
        "is_verified": false,
        "line_number": 100
      },
      {
        "type": "Secret Keyword",
        "filename": "src/cli/network.go",
        "hashed_secret": "283d47a9338ed1100b5fe2a5aff2d1f7c799bfd0",
        "is_verified": false,
        "line_number": 291
      }
    ],
    "src/cmd/tollgate-cli/contract_test.go": [
      {
        "type": "Secret Keyword",
        "filename": "src/cmd/tollgate-cli/contract_test.go",
        "hashed_secret": "f2b14f68eb995facb3a1c35287b778d5bd785511",
        "is_verified": false,
        "line_number": 152
      }
    ],
    "src/config_manager/config_manager_identities.go": [
      {
        "type": "Secret Keyword",
        "filename": "src/config_manager/config_manager_identities.go",
        "hashed_secret": "9a1bf4c9c68e461bb945f4ac8ca8978325c37c6e",
        "is_verified": false,
        "line_number": 41
      }
    ],
    "src/identity/identity.go": [
      {
        "type": "Secret Keyword",
        "filename": "src/identity/identity.go",
        "hashed_secret": "f8ca958b07d13766b275a48d1a29709629a11733",
        "is_verified": false,
        "line_number": 220
      }
    ],
    "src/merchant/merchant_token_flow_test.go": [
      {
        "type": "Secret Keyword",
        "filename": "src/merchant/merchant_token_flow_test.go",
        "hashed_secret": "fe1bae27cb7c1fb823f496f286e78f1d2ae87734",
        "is_verified": false,
        "line_number": 84
      },
      {
        "type": "Secret Keyword",
        "filename": "src/merchant/merchant_token_flow_test.go",
        "hashed_secret": "f0dcc41e4b770e8e078b39c42883dbcc8c902f59",
        "is_verified": false,
        "line_number": 107
      },
      {
        "type": "Secret Keyword",
        "filename": "src/merchant/merchant_token_flow_test.go",
        "hashed_secret": "2d6b439ffa665cddf88269d2327f7e4651e93a03",
        "is_verified": false,
        "line_number": 132
      },
      {
        "type": "Secret Keyword",
        "filename": "src/merchant/merchant_token_flow_test.go",
        "hashed_secret": "ecf5887720d8d2a8349dfa5e2a3a8951e990d362",
        "is_verified": false,
        "line_number": 157
      },
      {
        "type": "Secret Keyword",
        "filename": "src/merchant/merchant_token_flow_test.go",
        "hashed_secret": "cc20967274976ae7e81ca3f245dd948faf118487",
        "is_verified": false,
        "line_number": 195
      }
    ],
    "src/tollwallet/bench_test.go": [
      {
        "type": "Hex High Entropy String",
        "filename": "src/tollwallet/bench_test.go",
        "hashed_secret": "0f13c124e8e1c63de968d412152fe0edbb22fae1",
        "is_verified": false,
        "line_number": 23
      },
      {
        "type": "Hex High Entropy String",
        "filename": "src/tollwallet/bench_test.go",
        "hashed_secret": "0ffb42ea63f80ce7dd7259bb53fb30f382e806ea",
        "is_verified": false,
        "line_number": 23
      },
      {
        "type": "Secret Keyword",
        "filename": "src/tollwallet/bench_test.go",
        "hashed_secret": "a94a8fe5ccb19ba61c4c0873d391e987982fbbd3",
        "is_verified": false,
        "line_number": 23
      }
    ],
    "src/tollwallet/cdk_wallet_test.go": [
      {
        "type": "Hex High Entropy String",
        "filename": "src/tollwallet/cdk_wallet_test.go",
        "hashed_secret": "0f13c124e8e1c63de968d412152fe0edbb22fae1",
        "is_verified": false,
        "line_number": 22
      },
      {
        "type": "Hex High Entropy String",
        "filename": "src/tollwallet/cdk_wallet_test.go",
        "hashed_secret": "2db0e695316ba466f1c1d73ff36aa9cdbb7aced9",
        "is_verified": false,
        "line_number": 22
      },
      {
        "type": "Secret Keyword",
        "filename": "src/tollwallet/cdk_wallet_test.go",
        "hashed_secret": "a94a8fe5ccb19ba61c4c0873d391e987982fbbd3",
        "is_verified": false,
        "line_number": 22
      }
    ],
    "src/tollwallet/compatibility_matrix_test.go": [
      {
        "type": "Hex High Entropy String",
        "filename": "src/tollwallet/compatibility_matrix_test.go",
        "hashed_secret": "b6f4e5f4663cca0de9425ec7e1302e5207752bf5",
        "is_verified": false,
        "line_number": 21
      },
      {
        "type": "Hex High Entropy String",
        "filename": "src/tollwallet/compatibility_matrix_test.go",
        "hashed_secret": "f4222335e9ea47b97b0022e9981814670c18e332",
        "is_verified": false,
        "line_number": 23
      },
      {
        "type": "Hex High Entropy String",
        "filename": "src/tollwallet/compatibility_matrix_test.go",
        "hashed_secret": "2db0e695316ba466f1c1d73ff36aa9cdbb7aced9",
        "is_verified": false,
        "line_number": 26
      },
      {
        "type": "Secret Keyword",
        "filename": "src/tollwallet/compatibility_matrix_test.go",
        "hashed_secret": "c6313ff38dc840d17b2227bb1464dc055bf026ed",
        "is_verified": false,
        "line_number": 29
      },
      {
        "type": "Secret Keyword",
        "filename": "src/tollwallet/compatibility_matrix_test.go",
        "hashed_secret": "f07aaa1d49e61ef3b21416b220f66467e25aae33",
        "is_verified": false,
        "line_number": 32
      },
      {
        "type": "Secret Keyword",
        "filename": "src/tollwallet/compatibility_matrix_test.go",
        "hashed_secret": "aa0a896a804eac1c0719816d17fa8d3ef288af27",
        "is_verified": false,
        "line_number": 159
      },
      {
        "type": "Secret Keyword",
        "filename": "src/tollwallet/compatibility_matrix_test.go",
        "hashed_secret": "02552413942c9aeb1bef788acb784d6711c16e4f",
        "is_verified": false,
        "line_number": 227
      }
    ],
    "src/tollwallet/cross_vectors_test.go": [
      {
        "type": "Hex High Entropy String",
        "filename": "src/tollwallet/cross_vectors_test.go",
        "hashed_secret": "d2266a749164d8c6c776150fc675fa36e416a77a",
        "is_verified": false,
        "line_number": 23
      },
      {
        "type": "Hex High Entropy String",
        "filename": "src/tollwallet/cross_vectors_test.go",
        "hashed_secret": "340a6b38c54e92313d2ad74217fa16c596e0bf8d",
        "is_verified": false,
        "line_number": 24
      },
      {
        "type": "Hex High Entropy String",
        "filename": "src/tollwallet/cross_vectors_test.go",
        "hashed_secret": "0997e9d4e35785fe01241afe2cca0d42721cfd04",
        "is_verified": false,
        "line_number": 25
      }
    ],
    "src/tollwallet/spending_conditions_test.go": [
      {
        "type": "Secret Keyword",
        "filename": "src/tollwallet/spending_conditions_test.go",
        "hashed_secret": "a9cd1a0be6842ea6b01dd45696081205a32f8f62",
        "is_verified": false,
        "line_number": 24
      },
      {
        "type": "Secret Keyword",
        "filename": "src/tollwallet/spending_conditions_test.go",
        "hashed_secret": "68c46e84d76d2e7e686e5158bf598909abd4e45b",
        "is_verified": false,
        "line_number": 51
      }
    ],
    "src/utils/utils_test.go": [
      {
        "type": "Hex High Entropy String",
        "filename": "src/utils/utils_test.go",
        "hashed_secret": "16c0af80d4dcc339d0869f99585b0e0359d470fe",
        "is_verified": false,
        "line_number": 16
      }
    ],
    "tests/cloud-lab/configs/reseller-identities.json": [
      {
        "type": "Secret Keyword",
        "filename": "tests/cloud-lab/configs/reseller-identities.json",
        "hashed_secret": "f3143cde993c13ac2c4a0e24f5ce55816ee240da",
        "is_verified": false,
        "line_number": 6
      }
    ],
    "tests/cloud-lab/configs/upstream-identities.json": [
      {
        "type": "Secret Keyword",
        "filename": "tests/cloud-lab/configs/upstream-identities.json",
        "hashed_secret": "f3143cde993c13ac2c4a0e24f5ce55816ee240da",
        "is_verified": false,
        "line_number": 6
      }
    ],
    "tests/test_network_configuration.py": [
      {
        "type": "Secret Keyword",
        "filename": "tests/test_network_configuration.py",
        "hashed_secret": "dc76e9f0c0006e8f919e0c515c66dbba3982f785",
        "is_verified": false,
        "line_number": 129
      }
    ]
  },
  "generated_at": "2026-09-12T10:06:51Z"
}
